1044
2171
1376
1700
2475
1211
1539
2016
1700
2016
1376
2324
1539
1700
2475
2171
1700
1376
1376
1211
1859
2016
1539
1211
1044
875
2016
1700
1539
4736
2171
2171
1700
875
1376
1376
1211
1539
2171
1539
1539
2171
2171
1859
1211
2016
3059
1859
704
2171
1859
2324
2171
1700
1211
2324
2324
2016
1859
1211
2624
2624
875
1211
1700
1539
1700
1539
1539
1859
1376
1859
1539
1376
2624
1539
2475
1700
1700
704
1376
2475
1859
1700
2324
2016
2171
1044
2171
531
2016
1539
1539
1859
1044
