905
2088
2249
1760
1424
1424
2408
2088
2565
2720
2088
1593
2088
1760
1760
1593
2249
1253
2565
728
1593
1253
1424
2088
368
1080
1925
905
2408
2088
2408
2088
2408
2088
1593
1593
1253
1424
2249
2088
1593
2408
1593
1080
1424
728
1593
2408
1760
1760
1080
2408
1080
2408
1760
2565
1424
1424
1925
1760
1593
1253
1593
1253
2249
1925
1424
905
2720
1593
1424
3024
2408
1925
1925
1925
1253
1424
1424
1080
1760
1593
2408
1925
2088
1253
2565
1593
2088
1760
2720
