1859
1700
1700
1700
1044
1859
1211
1376
1859
2324
2624
1539
531
2171
1211
1211
1211
1211
1859
1376
2324
1044
2475
704
1539
2016
1539
1700
1044
1700
2171
2324
1700
1539
2475
1859
1211
2475
704
1376
2016
1376
1044
1859
1700
1700
1376
2324
1376
2324
1700
1859
1539
1539
2624
1376
1376
2324
1700
1859
704
875
1539
1044
1044
2324
1211
2475
2171
704
1211
1211
2171
1700
1700
1859
1211
1211
1859
2016
1700
1539
1211
1700
1211
1211
1044
1211
1700
1044
875
1539
2016
2324
