1472
1472
1820
1472
1820
2160
2160
1295
1116
2160
1991
2327
567
1991
1820
1295
1295
1820
2160
2160
2327
1991
2160
2816
2160
1647
1472
2327
2816
1472
2160
2327
2492
1991
1295
2816
2816
1991
1116
1647
1116
1820
1991
1647
1991
1472
2492
1647
3287
1820
1991
2160
2492
1647
2655
1647
2816
1991
1820
1991
2160
1647
2327
1295
1647
3132
1295
2160
1472
1991
2160
2327
2655
1116
2160
1472
1647
2492
1991
2160
2160
2327
1820
1820
1820
1991
1991
935
2160
567
2160
1647
2160
2655
