1665
2184
1128
1488
2520
5688
2353
1488
2013
1665
1665
2520
1840
2013
2184
2353
1665
1309
573
1665
1488
1309
1309
1309
1309
1840
2353
2848
2520
1309
1309
2184
1665
945
2013
1840
1309
1840
1665
2520
2184
1840
1840
1840
760
3009
1309
2013
1840
1665
1840
3009
2520
1665
1488
2013
1665
1665
1665
2013
2353
2184
2013
1840
1488
1309
1309
2013
1488
2013
2353
2013
1665
2520
2013
2848
1665
2520
1665
1840
2353
2520
1665
1840
1488
2520
2184
1128
2184
1309
2184
1488
1840
2520
