5341
5259
5293
5235
5293
5343
5355
5269
5369
5209
5119
5201
5339
5213
5243
5263
9999
5295
5289
5277
5297
5267
5287
5351
5289
5279
5253
5317
5179
5289
5257
5271
5339
5243
5255
5289
5261
5411
5317
5315
5299
5253
5319
5267
5291
5257
5259
5353
5303
5343
5279
5251
5289
5213
5303
5241
5281
5299
5309
5311
5225
5279
5291
5307
5305
5255
5307
5241
5255
9999
5299
5339
5273
5323
5239
5317
5321
5315
5345
5293
5317
5329
5257
5259
5249
5317
5249
5277
5251
1
5331
5331
5235
5379
5415
5361
5213
5277
5283
5265
