1
52847
52953
52961
52877
99999
99999
52759
53129
52669
