2589
2653
2661
2639
2687
2671
2609
2661
2633
2659
2653
2655
2633
2627
2661
2619
2649
2667
2677
2633
2653
2657
2667
2599
2601
2603
2609
2595
2595
2661
2627
2653
2657
2635
2681
2649
2655
2665
2643
2667
2659
2659
2575
2649
1
2589
2667
2641
2633
2629
2575
2615
4999
2647
2717
2663
2645
2663
2711
2615
2673
2641
2667
2615
2675
2617
2569
2693
2689
2627
2597
2667
2623
2633
2641
2627
2583
2653
2649
2637
2637
2651
2655
2687
2591
2647
2677
2623
2629
2665
2627
2621
2625
2663
2681
2697
2731
2595
2585
2619
2687
2677
2645
2613
2607
2619
2681
2589
2625
2629
2689
2659
2653
2677
2587
2661
2631
2689
2667
2651
2699
2605
2653
2619
2665
2647
2613
2663
2631
2625
2599
2647
2683
2663
2661
2635
2613
2661
2687
2591
2689
2655
2587
2709
2641
2631
2713
2629
2671
2607
2637
2599
2649
2665
2619
2629
2681
2693
2587
2685
2627
2663
4999
2571
2631
2667
2617
2661
2627
2653
2675
2629
2665
2595
2661
2599
2657
2661
2593
2683
2623
2645
2647
2643
2665
2643
2647
2687
2663
2639
2583
2695
2623
2653
2635
2611
2613
2643
2615
2669
