399
-1
546
20
-1
462
483
546
221
252
483
154
525
598
525
546
-1
315
399
20
546
520
340
20
504
504
-1
483
20
360
-1
300
520
195
483
598
598
20
294
20
20
336
572
20
462
357
357
360
20
20
