560
560
20
20
500
-1
506
400
396
506
20
440
352
540
560
520
520
20
500
520
20
380
20
374
400
-1
540
560
420
560
20
560
462
484
340
-1
560
-1
224
-1
20
483
560
500
-1
462
440
330
20
20
